[www.almusafir.work/index.html]
[backblue.gif]
[fade.gif]
[index.html]
[www.blogger.com/openid-server.1.delayed]
[www.almusafir.work/feeds/posts/default]
[www.almusafir.work/feeds/posts/default9522]
[www.blogger.com/feeds/398794578096543018/posts/default]
[www.almusafir.work/favicon.ico]
[www.blogger.com/img/widgets/draggable.png]
[maxcdn.bootstrapcdn.com/index.html]
[fonts.googleapis.com/index.html]
[4.bp.blogspot.com/-cmZSAe4hgWI/V0K-3C5xiHI/AAAAAAAAG90/2btatUgRsM4qf8HIc7QweuToTkRqRNeuACLcB/s1600/delete.png]
[maxcdn.bootstrapcdn.com/font-awesome/4.7.0/fonts/fontawesome-webfont3e6e.svg]
[cdn.discordapp.com/attachments/185046628732895232/204497752091000832/bg3.svg, attachment]
[4.bp.blogspot.com/-8bEbTaOgAkY/XbzCXRZh1qI/AAAAAAAAATc/Amhf597E2QkleZBde4oigJapzMAciwcuACLcBGAsYHQ/s1600/Course template ava.png]
[ajax.googleapis.com/ajax/libs/jquery/3.3.1/jquery.min.js]
[res.cloudinary.com/ahlaimages/image/upload/v1632277633/vector_amf97j.svg]
[blogger.googleusercontent.com/img/a/AVvXsEhIE4vN7rFpcJ8H4JasD_q8AnZ-EDWHj7jwRzCwwsbLgbl8dW7cc8GQOrLMQaJDiu6X3ifU-Svl1YSKggJdZ4VvxGqqR74VlDANZF6B0-sLvp-pUKbvnTJsxpXfw_DJ5nckDl7U1KiiztSdjIRz2-0M68cbWzePjZCWkng]
[3.bp.blogspot.com/-Z7NrDefi7mY/XcGU1Cq3ogI/AAAAAAAAZqM/hHZNFO5kA9wDhWGEkU5Dx50daDwifLqpACK4BGAYYCw/s80/Untitled-2.png]
[www.blogger.com/img/logo-16.png]
[res.cloudinary.com/ahlaimages/image/upload/v1642908793/avatar-icon_s7kznj.jpg]
[4bp.blogspot.com/-wPnHg2YjpRE/W4mzj8Cw2XI/AAAAAAAAEcY/uL4FT8j8J08-p0kaqt0VsjZzy_y4j39eACLcBGAs/s100/cuahangtemplate-message.13.delayed]
[cdnjs.cloudflare.com/ajax/libs/slick-carousel/1.6.0/slick.js]
[apis.google.com/js/plusone.js]
[www.blogger.com/static/v1/widgets/2783068010-widgets.js]
[www.almusafir.work/index.html]
[ajax.googleapis.com/index.html]
[www.google-analytics.com/index.html]
[googleads.g.doubleclick.net/index.html]
[www.googletagservices.com/index.html]
[pagead2.googlesyndication.com/index.html]
[maxcdn.bootstrapcdn.com/index.html]
[adservice.google.ca/index.html]
[adservice.google.com/index.html]
[resources.blogblog.com/index.html]
[fonts.googleapis.com/index.html]
[1.bp.blogspot.com/index.html]
[2.bp.blogspot.com/index.html]
[3.bp.blogspot.com/index.html]
[4.bp.blogspot.com/index.html]
[disqus.com/index.html]
[github.com/index.html]
[cdn.rawgit.com/index.html]
[fontawesome.com/index.html]
[www.sharethis.com/index.html]
[cdn.jsdelivr.net/index.html]
[www.blogger.com/feeds/398794578096543018/posts/default]
[www.almusafir.work/favicon.ico]
[www.almusafir.work/feeds/posts/default]
[www.almusafir.work/feeds/posts/default9522]
[4.bp.blogspot.com/-8bEbTaOgAkY/XbzCXRZh1qI/AAAAAAAAATc/Amhf597E2QkleZBde4oigJapzMAciwcuACLcBGAsYHQ/s1600/Course template ava.png]
[www.blogger.com/img/widgets/stats-flipper.png]
[resources.blogblog.com/img/widgets/s_top.png]
[blogger.googleusercontent.com/img/a/AVvXsEhIE4vN7rFpcJ8H4JasD_q8AnZ-EDWHj7jwRzCwwsbLgbl8dW7cc8GQOrLMQaJDiu6X3ifU-Svl1YSKggJdZ4VvxGqqR74VlDANZF6B0-sLvp-pUKbvnTJsxpXfw_DJ5nckDl7U1KiiztSdjIRz2-0M68cbWzePjZCWkng]
[www.blogger.com/static/v1/widgets/466517130-widget_css_bundle_rtl.css]
[www.blogger.com/openid-server.html]
[github.com/index.html]
[fontawesome.com/index.html]
[www.sharethis.com/index.html]
[cdn.jsdelivr.net/index.html]
[maxcdn.bootstrapcdn.com/font-awesome/4.7.0/fonts/fontawesome-webfont3e6e.svg]
[cdn.discordapp.com/attachments/185046628732895232/204497752091000832/bg3.svg, attachment]
[www.googletagmanager.com/gtm5445.html]
[www.blogger.com/dyn-css/authorization4482.css]
[res.cloudinary.com/ahlaimages/image/upload/v1632277633/vector_amf97j.svg]
[4bp.blogspot.com/-wPnHg2YjpRE/W4mzj8Cw2XI/AAAAAAAAEcY/uL4FT8j8J08-p0kaqt0VsjZzy_y4j39eACLcBGAs/s100/cuahangtemplate-message.html]
